// Vitest Snapshot v1, https://vitest.dev/guide/snapshot.html

exports[`ChatReply markup golden (G-C1, US-051 AC4, written before the C13 refactor) > G-C1 actions list, one with field, one with detectionReason, statuses done/failed/not_run 1`] = `"<div role="alert" class="rounded-lg rounded-bl-sm bg-[var(--head)] px-3 py-2 text-sm"><p>Some actions could not be completed; earlier completed actions were not rolled back.</p><ul class="mt-2 list-disc pl-5"><li><span>1. </span><strong>Done: </strong>Net asset is now tracked for BTBETRETF.</li><li><span>2. </span><strong>Failed: </strong>XYZ was added; automatic extraction is unavailable. (no adapter matches)</li><li><span>3. </span><strong>Not run: </strong>The action for PTENGETF was not run because an earlier action failed.</li></ul></div>"`;

exports[`ChatReply markup golden (G-C1, US-051 AC4, written before the C13 refactor) > G-C1 actions list, one with field, one with detectionReason, statuses done/failed/not_run 2`] = `"<div role="alert" class="rounded-lg rounded-bl-sm bg-[var(--head)] px-3 py-2 text-sm"><p>Unele acțiuni nu au putut fi finalizate; acțiunile deja finalizate nu au fost anulate.</p><ul class="mt-2 list-disc pl-5"><li><span>1. </span><strong>Finalizată: </strong>Activ net este acum urmărit pentru BTBETRETF.</li><li><span>2. </span><strong>Eșuată: </strong>XYZ a fost adăugat; extragerea automată nu este disponibilă. (niciun adaptor nu se potrivește)</li><li><span>3. </span><strong>Neexecutată: </strong>Acțiunea pentru PTENGETF nu a fost executată deoarece o acțiune anterioară a eșuat.</li></ul></div>"`;

exports[`ChatReply markup golden (G-C1, US-051 AC4, written before the C13 refactor) > G-C1 adminLink 1`] = `"<div role="status" class="rounded-lg rounded-bl-sm bg-[var(--head)] px-3 py-2 text-sm"><p>No AI provider is chosen. Choose one in Administration → AI. <a href="/admin/ai">Open Administration → AI</a></p></div>"`;

exports[`ChatReply markup golden (G-C1, US-051 AC4, written before the C13 refactor) > G-C1 error tone 1`] = `"<div role="alert" class="rounded-lg rounded-bl-sm bg-[var(--head)] px-3 py-2 text-sm"><p>Something went wrong. Please try again later.</p></div>"`;

exports[`ChatReply markup golden (G-C1, US-051 AC4, written before the C13 refactor) > G-C1 single reply with values+field+detectionReason (en) 1`] = `"<div role="status" class="rounded-lg rounded-bl-sm bg-[var(--head)] px-3 py-2 text-sm"><p>Net asset is now tracked for BTBETRETF. (no adapter matches)</p></div>"`;

exports[`ChatReply markup golden (G-C1, US-051 AC4, written before the C13 refactor) > G-C1 single reply with values+field+detectionReason (ro) 1`] = `"<div role="status" class="rounded-lg rounded-bl-sm bg-[var(--head)] px-3 py-2 text-sm"><p>Activ net este acum urmărit pentru BTBETRETF. (niciun adaptor nu se potrivește)</p></div>"`;
